[INFO] Scanning for projects...
[WARNING] 
[WARNING] Some problems were encountered while building the effective model for com.dsi:studyhub:jar:0.0.1-SNAPSHOT
[WARNING] 'build.plugins.plugin.(groupId:artifactId)' must be unique but found duplicate declaration of plugin org.apache.maven.plugins:maven-compiler-plugin @ line 155, column 21
[WARNING] 
[WARNING] It is highly recommended to fix these problems because they threaten the stability of your build.
[WARNING] 
[WARNING] For this reason, future Maven versions might no longer support building such malformed projects.
[WARNING] 
[INFO] 
[INFO] --------------------------< com.dsi:studyhub >--------------------------
[INFO] Building studyhub 0.0.1-SNAPSHOT
[INFO]   from pom.xml
[INFO] --------------------------------[ jar ]---------------------------------
[INFO] 
[INFO] --- resources:3.3.1:resources (default-resources) @ studyhub ---
[INFO] Copying 1 resource from src\main\resources to target\classes
[INFO] Copying 0 resource from src\main\resources to target\classes
[INFO] 
[INFO] --- compiler:3.13.0:compile (default-compile) @ studyhub ---
[INFO] Nothing to compile - all classes are up to date.
[INFO] 
[INFO] --- resources:3.3.1:testResources (default-testResources) @ studyhub ---
[INFO] skip non existing resourceDirectory C:\Users\USER\Desktop\Project_dintegration\Education_backend\src\test\resources
[INFO] 
[INFO] --- compiler:3.13.0:testCompile (default-testCompile) @ studyhub ---
[INFO] Nothing to compile - all classes are up to date.
[INFO] 
[INFO] --- surefire:3.5.5:test (default-test) @ studyhub ---
[INFO] Tests are skipped.
[INFO] 
[INFO] --- jar:3.4.2:jar (default-jar) @ studyhub ---
[INFO] Building jar: C:\Users\USER\Desktop\Project_dintegration\Education_backend\target\studyhub-0.0.1-SNAPSHOT.jar
[INFO] 
[INFO] --- spring-boot:4.0.5:repackage (repackage) @ studyhub ---
[INFO] Replacing main artifact C:\Users\USER\Desktop\Project_dintegration\Education_backend\target\studyhub-0.0.1-SNAPSHOT.jar with repackaged archive, adding nested dependencies in BOOT-INF/.
[INFO] The original artifact has been renamed to C:\Users\USER\Desktop\Project_dintegration\Education_backend\target\studyhub-0.0.1-SNAPSHOT.jar.original
[INFO] ------------------------------------------------------------------------
[INFO] BUILD SUCCESS
[INFO] ------------------------------------------------------------------------
[INFO] Total time:  10.640 s
[INFO] Finished at: 2026-04-28T01:07:56+01:00
[INFO] ------------------------------------------------------------------------
